// Jest Snapshot v1, https://goo.gl/fbAQLP

exports[`Form snapshot 1`] = `
<DocumentFragment>
  <form
    class="w-64"
  >
    <div
      class="mt-4 first:mt-0"
    >
      <div
        class="flex justify-between text-sm"
      >
        <label
          class="font-bold"
          for="radix-:r0:"
        >
          ユーザー名
        </label>
      </div>
      <input
        class="mt-2 bg-stone-50 h-8 w-full rounded px-3 text-black"
        id="radix-:r0:"
        name="username"
        required=""
        title=""
        type="text"
        value=""
      />
    </div>
    <button
      class="mt-9 block mx-auto h-10 rounded text-center font-bold leading-10 w-64 bg-primary text-black"
    >
      登録する
    </button>
  </form>
</DocumentFragment>
`;
