// Jest Snapshot v1, https://goo.gl/fbAQLP

exports[`Avatar snapshot 1`] = `
<DocumentFragment>
  <img
    alt="aaa"
    class="rounded-full"
    data-nimg="1"
    decoding="async"
    height="80"
    loading="lazy"
    src="/_next/image?url=%2F&w=256&q=75"
    srcset="/_next/image?url=%2F&w=96&q=75 1x, /_next/image?url=%2F&w=256&q=75 2x"
    style="color: transparent;"
    width="80"
  />
</DocumentFragment>
`;
