// Jest Snapshot v1, https://goo.gl/fbAQLP

exports[`AccountInfoForm snapshot 1`] = `
<DocumentFragment>
  <form
    class="w-64"
  >
    <div
      class="mt-4 first:mt-0"
    >
      <div
        class="flex justify-between text-sm"
      >
        <label
          class="font-bold"
          for="radix-:r0:"
        >
          表示名
        </label>
      </div>
      <input
        class="mt-2 bg-stone-50 h-8 w-full rounded px-3 text-black"
        id="radix-:r0:"
        name="displayName"
        required=""
        title=""
        type="text"
      />
    </div>
    <div
      class="mt-4 first:mt-0"
    >
      <div
        class="flex justify-between text-sm"
      >
        <label
          class="font-bold"
          for="radix-:r1:"
        >
          自己紹介
        </label>
      </div>
      <textarea
        class="mt-2 bg-stone-50 w-full rounded px-3 text-black"
        cols="30"
        id="radix-:r1:"
        name="username"
        required=""
        rows="5"
        title=""
      />
    </div>
    <button
      class="mt-9 block  h-10 rounded text-center font-bold leading-10 w-32 bg-primary text-black"
    >
      更新する
    </button>
  </form>
</DocumentFragment>
`;
